%!Adobe-FontList 1.16
%Locale:0x409

%BeginFont
Handler:DirectoryHandler
FontType:Type1
FontName:MetaOT-Bold
FamilyName:Meta OT
StyleName:Bold
MenuName:MetaOT-Bold
StyleBits:0
WeightClass:700
WidthClass:5
AngleClass:0
FullName:MetaOT-Bold
WritingScript:Roman
OutlineFileName:\MetaOT-Bold.otf
DataFormat:sfntData
UsesStandardEncoding:yes
isCFF:yes
FileLength:71096
FileModTime:1407713386
NameArray:0,Mac,4,MetaOT-Bold
NameArray:0,Win,1,MetaOT-Bold
NameArray:0,Win,16,Meta OT
%EndFont

%BeginFont
Handler:DirectoryHandler
FontType:Type1
FontName:MetaOT-Norm
FamilyName:Meta OT
StyleName:Normal
MenuName:MetaOT-Norm
StyleBits:0
WeightClass:400
WidthClass:5
AngleClass:0
FullName:MetaOT-Norm
WritingScript:Roman
OutlineFileName:\MetaOT-Norm.otf
DataFormat:sfntData
UsesStandardEncoding:yes
isCFF:yes
FileLength:69736
FileModTime:1407713386
NameArray:0,Mac,4,MetaOT-Norm
NameArray:0,Win,1,MetaOT-Norm
NameArray:0,Win,16,Meta OT
%EndFont

%BeginFont
Handler:DirectoryHandler
FontType:Type1
FontName:MetaSerifOT-Book
FamilyName:Meta Serif OT
StyleName:Book
MenuName:MetaSerifOT-Book
StyleBits:0
WeightClass:450
WidthClass:5
AngleClass:0
FullName:MetaSerifOT-Book
WritingScript:Roman
OutlineFileName:\MetaSerifOT-Book.otf
DataFormat:sfntData
UsesStandardEncoding:yes
isCFF:yes
FileLength:75632
FileModTime:1407713386
NameArray:0,Mac,4,MetaSerifOT-Book
NameArray:0,Win,1,MetaSerifOT-Book
NameArray:0,Win,16,Meta Serif OT
%EndFont

%BeginFont
Handler:DirectoryHandler
FontType:Type1
FontName:MinionPro-Regular
FamilyName:Minion Pro
StyleName:Regular
MenuName:Minion Pro
StyleBits:0
WeightClass:400
WidthClass:5
AngleClass:0
FullName:Minion Pro
WritingScript:Roman
OutlineFileName:\MinionPro-Regular.otf
DataFormat:sfntData
UsesStandardEncoding:yes
isCFF:yes
FileLength:218640
FileModTime:1407920965
DesignSize:110
NameArray:0,Mac,4,Minion Pro
NameArray:0,Win,1,Minion Pro
%EndFont

